[Licensing::Module] Trying to connect to existing licensing client channel...
Built from '6000.4/staging' branch; Version is '6000.4.9f1 (f7258d6eebbe) revision 16197005'; Using compiler version '194234433'; Build Type 'Release'
[Licensing::IpcConnector] Successfully connected to: "LicenseClient-nahue" at "2026-10-08T02:58:24.7543356Z"
OS: 'Windows 11  (10.0.26200) Core' Language: 'es' Physical Memory: 16004 MB
BatchMode: 1, IsHumanControllingUs: 0, StartBugReporterOnCrash: 0, Is64bit: 1
System  architecture: x64
Process architecture: x64
Date: 2026-10-08T02:58:24Z

COMMAND LINE ARGUMENTS:
C:\Program Files\Unity\Hub\Editor\6000.4.9f1\Editor\Unity.exe
-adb2
-batchMode
-noUpm
-name
AssetImportWorker1
-projectPath
C:/Users/nahue/Documents/CHIBI-TANK-MAYHEM/CHIBI TANK MAYHEM
-logFile
Logs/AssetImportWorker1.log
-srvPort
56464
-force-d3d12
-job-worker-count
9
-background-job-worker-count
8
-gc-helper-count
1
-name
AssetImport
Successfully changed project path to: C:/Users/nahue/Documents/CHIBI-TANK-MAYHEM/CHIBI TANK MAYHEM
C:/Users/nahue/Documents/CHIBI-TANK-MAYHEM/CHIBI TANK MAYHEM
[UnityMemory] Configuration Parameters - Can be set up in boot.config
    "memorysetup-temp-allocator-size-gi-baking-worker=262144"
    "memorysetup-temp-allocator-size-gi-baking-worker=262144"
    "memorysetup-temp-allocator-size-gi-baking-worker=262144"
    "memorysetup-temp-allocator-size-gi-baking-worker=262144"
    "memorysetup-temp-allocator-size-gi-baking-worker=262144"
    "memorysetup-temp-allocator-size-nav-mesh-worker=65536"
    "memorysetup-temp-allocator-size-audio-worker=65536"
    "memorysetup-temp-allocator-size-cloud-worker=32768"
    "memorysetup-temp-allocator-size-gfx=262144"
    "memorysetup-temp-allocator-size-preload-manager=33554432"
    "memorysetup-temp-allocator-size-job-worker=262144"
    "memorysetup-temp-allocator-size-background-worker=32768"
    "memorysetup-allocator-temp-initial-block-size-main=262144"
    "memorysetup-allocator-temp-initial-block-size-worker=262144"
    "memorysetup-bucket-allocator-granularity=16"
    "memorysetup-bucket-allocator-bucket-count=8"
    "memorysetup-bucket-allocator-block-size=33554432"
    "memorysetup-bucket-allocator-block-count=8"
    "memorysetup-main-allocator-block-size=16777216"
    "memorysetup-thread-allocator-block-size=16777216"
    "memorysetup-gfx-main-allocator-block-size=16777216"
    "memorysetup-gfx-thread-allocator-block-size=16777216"
    "memorysetup-cache-allocator-block-size=4194304"
    "memorysetup-typetree-allocator-block-size=2097152"
    "memorysetup-profiler-bucket-allocator-granularity=16"
    "memorysetup-profiler-bucket-allocator-bucket-count=8"
    "memorysetup-profiler-bucket-allocator-block-size=33554432"
    "memorysetup-profiler-bucket-allocator-block-count=8"
    "memorysetup-profiler-allocator-block-size=16777216"
    "memorysetup-profiler-editor-allocator-block-size=1048576"
    "memorysetup-temp-allocator-size-main=16777216"
    "memorysetup-job-temp-allocator-block-size=2097152"
    "memorysetup-job-temp-allocator-block-size-background=1048576"
    "memorysetup-job-temp-allocator-reduction-small-platforms=262144"
Player connection [22632]  Target information:

Player connection [22632]  * "[IP] 172.30.208.1 [Port] 0 [Flags] 2 [Guid] 2107834830 [EditorId] 2107834830 [Version] 1048832 [Id] WindowsEditor(7,Nahuel) [Debug] 1 [PackageName] WindowsEditor [ProjectName] Editor" 

Player connection [22632]  * "[IP] 192.168.0.6 [Port] 0 [Flags] 2 [Guid] 2107834830 [EditorId] 2107834830 [Version] 1048832 [Id] WindowsEditor(7,Nahuel) [Debug] 1 [PackageName] WindowsEditor [ProjectName] Editor" 

Player connection [22632] Host joined multi-casting on [225.0.0.222:54997]...
Player connection [22632] Host joined alternative multi-casting on [225.0.0.222:34997]...
JobSystem: Creating JobQueue using job-worker-count value 9
Input System module state changed to: Initialized.
[Physics::Module] Initialized fallback backend.
[Physics::Module] Id: 0xdecafbad
Library Redirect Path: Library/
[Physics::Module] Selected backend.
[Physics::Module] Name: PhysX
[Physics::Module] Id: 0xf2b8ea05
[Physics::Module] SDK Version: 4.1.2
[Physics::Module] Integration Version: 1.0.0
[Physics::Module] Threading Mode: Multi-Threaded
Refreshing native plugins compatible for Editor in 184.74 ms, found 4 plugins.
Initialize engine version: 6000.4.9f1 (f7258d6eebbe)
[Subsystems] Discovering subsystems at path C:/Program Files/Unity/Hub/Editor/6000.4.9f1/Editor/Data/Resources/UnitySubsystems
[Subsystems] Discovering subsystems at path C:/Users/nahue/Documents/CHIBI-TANK-MAYHEM/CHIBI TANK MAYHEM/Assets
Forcing GfxDevice: Direct3D 12
GfxDevice: creating device client; kGfxThreadingModeNonThreaded
d3d12: failed to query info queue interface (0x80004002).
Direct3D:
    Version:         Direct3D 12 [level 12.2]
    Renderer:        NVIDIA GeForce RTX 3060 Laptop GPU (ID=0x2520)
    Vendor:          NVIDIA
    VRAM:            5996 MB
    App VRAM Budget: 5228 MB
    Driver:          32.0.15.6607
[Licensing::Client] Error: HandshakeResponse reported an error:
	ResponseCode: 505
	ResponseStatus: Unsupported protocol version '1.18.1'.
[Licensing::Module] Error: Failed to handshake to channel: "LicenseClient-nahue"
[Licensing::IpcConnector] LicenseClient-nahue channel disconnected successfully.
[Licensing::IpcConnector] Successfully connected to: "LicenseClient-nahue-6000.4.9" at "2026-10-08T02:58:27.1732505Z"
[Licensing::Client] Code 10 while verifying Licensing Client signature (process Id: 29728, path: "C:/Program Files/Unity/Hub/Editor/6000.4.9f1/Editor/Data/Resources/Licensing/Client/Unity.Licensing.Client.exe")
[Licensing::Module] LicensingClient has failed validation; ignoring
[Licensing::Client] Handshaking with LicensingClient:
  Version:                 1.18.1+9fbee8e
  Session Id:              554f36e973d44c5f892f40c5152efb4e
  Correlation Id:          c8717ae9eb5b78ee739395e9ed098cba
  External correlation Id: 591593896413348557
  Machine Id:              d3wIjImyigoZ2yiH37n7ItByCpM=
[Licensing::Module] Successfully connected to LicensingClient on channel: "LicenseClient-nahue-6000.4.9" (connect: 0.00s, validation: 0.00s, handshake: 0.05s)
[Licensing::IpcConnector] Successfully connected to: "LicenseClient-nahue-6000.4.9-notifications" at "2026-10-08T02:58:27.2239555Z"
[Licensing::Module] Licensing Background thread has ended after 2.47s
Initialize mono
Mono path[0] = 'C:/Program Files/Unity/Hub/Editor/6000.4.9f1/Editor/Data/Managed'
Mono path[1] = 'C:/Program Files/Unity/Hub/Editor/6000.4.9f1/Editor/Data/MonoBleedingEdge/lib/mono/unityjit-win32'
Mono config path = 'C:/Program Files/Unity/Hub/Editor/6000.4.9f1/Editor/Data/MonoBleedingEdge/etc'
Using monoOptions --debugger-agent=transport=dt_socket,embedding=1,server=y,suspend=n,address=127.0.0.1:56012
CodeReloadManager initialized
Begin MonoManager ReloadAssembly
Registering precompiled unity dll's ...
Register platform support module: C:/Program Files/Unity/Hub/Editor/6000.4.9f1/Editor/Data/PlaybackEngines/WindowsStandaloneSupport/UnityEditor.WindowsStandalone.Extensions.dll
[Licensing::Client] Successfully resolved entitlement details
[Licensing::Module] License group:
  Id: F4-ZF4W-JG7U-QS5D-T52E-XXXX
  Product: Unity Personal
  Type: ULF
  Expiration: Unlimited
[Licensing::Module] License group:
  Id: 4673487441905-UnityPersXXXX
  Product: Unity Personal
  Type: Assigned
  Expiration: Unlimited
Register platform support module: C:/Program Files/Unity/Hub/Editor/6000.4.9f1/Editor/Data/PlaybackEngines/AndroidPlayer/UnityEditor.Android.Extensions.dll
[Licensing::Client] Successfully resolved entitlement details
[Licensing::Module] License group:
  Id: F4-ZF4W-JG7U-QS5D-T52E-XXXX
  Product: Unity Personal
  Type: ULF
  Expiration: Unlimited
[Licensing::Module] License group:
  Id: 4673487441905-UnityPersXXXX
  Product: Unity Personal
  Type: Assigned
  Expiration: Unlimited
Register platform support module: C:/Program Files/Unity/Hub/Editor/6000.4.9f1/Editor/Data/PlaybackEngines/iOSSupport/UnityEditor.iOS.Extensions.dll
Register platform support module: C:/Program Files/Unity/Hub/Editor/6000.4.9f1/Editor/Data/PlaybackEngines/LinuxStandaloneSupport/UnityEditor.LinuxStandalone.Extensions.dll
Registered in 0.752190 seconds.
Native extension for LinuxStandalone target not found
Native extension for iOS target not found
Native extension for Android target not found
Native extension for WindowsStandalone target not found
Package Manager log level set to [2]
[Package Manager] Failed to launch server process. Reason: Unity was launched with the -noUpm command-line argument
[Package Manager] Unable to send message (not connected to server process).
[Package Manager] Cannot connect to Unity Package Manager local server
[Package Manager] Failed to launch server process. Reason: Unity was launched with the -noUpm command-line argument
[Package Manager] Unable to send message (not connected to server process).
[Package Manager] Cannot connect to Unity Package Manager local server
ScheduleIndexationOnStartup MainProcess:False IndexOnStartup:True
Mono: successfully reloaded assembly
- Finished resetting the current domain, in  0.669 seconds
Domain Reload Profiling: 4476ms
	BeginReloadAssembly (348ms)
	RebuildCommonClasses (552ms)
	RebuildNativeTypeToScriptingClass (10ms)
	initialDomainReloadingComplete (831ms)
	LoadAllAssembliesAndSetupDomain (2065ms)
		LoadAssemblies (363ms)
		AnalyzeDomain (2037ms)
			TypeCache.Refresh (2036ms)
				TypeCache.ScanAssembly (1712ms)
	FinalizeReload (669ms)
		SetupLoadedEditorAssemblies (0ms)
			InitializePlatformSupportModulesInManaged (324ms)
			BeforeProcessingInitializeOnLoad (82ms)
			ProcessInitializeOnLoadAttributes (116ms)
			ProcessInitializeOnLoadMethodAttributes (75ms)
========================================================================
Worker process is ready to serve import requests
Import Worker Mode flag is 0x00
Begin MonoManager ReloadAssembly
[Licensing::Client] Successfully resolved entitlement details
[Licensing::Module] License group:
  Id: F4-ZF4W-JG7U-QS5D-T52E-XXXX
  Product: Unity Personal
  Type: ULF
  Expiration: Unlimited
[Licensing::Module] License group:
  Id: 4673487441905-UnityPersXXXX
  Product: Unity Personal
  Type: Assigned
  Expiration: Unlimited
Assembly Assembly-CSharp-Editor-firstpass.dll at Library/ScriptAssemblies/Assembly-CSharp-Editor-firstpass.dll not valid. Loading of assembly skipped.
Assembly Assembly-CSharp-firstpass.dll at Library/ScriptAssemblies/Assembly-CSharp-firstpass.dll not valid. Loading of assembly skipped.
Assembly DocCodeExamples.dll at Library/ScriptAssemblies/DocCodeExamples.dll not valid. Loading of assembly skipped.
Assembly TestNewCustomAssembly.dll at Library/ScriptAssemblies/TestNewCustomAssembly.dll not valid. Loading of assembly skipped.
Assembly Unity.2D.Sprite.Package.EditorTests.dll at Library/ScriptAssemblies/Unity.2D.Sprite.Package.EditorTests.dll not valid. Loading of assembly skipped.
Assembly Unity.Addressables.Editor.Tests.dll at Library/ScriptAssemblies/Unity.Addressables.Editor.Tests.dll not valid. Loading of assembly skipped.
Assembly Unity.Addressables.Runtime.Tests.dll at Library/ScriptAssemblies/Unity.Addressables.Runtime.Tests.dll not valid. Loading of assembly skipped.
Assembly Unity.Collections.BurstCompatibilityGen.dll at Library/ScriptAssemblies/Unity.Collections.BurstCompatibilityGen.dll not valid. Loading of assembly skipped.
Assembly Unity.Collections.DocCodeSamples.dll at Library/ScriptAssemblies/Unity.Collections.DocCodeSamples.dll not valid. Loading of assembly skipped.
Assembly Unity.Collections.PerformanceTests.dll at Library/ScriptAssemblies/Unity.Collections.PerformanceTests.dll not valid. Loading of assembly skipped.
Assembly Unity.Collections.Tests.dll at Library/ScriptAssemblies/Unity.Collections.Tests.dll not valid. Loading of assembly skipped.
Assembly Unity.Collections.Tests.Playmode.dll at Library/ScriptAssemblies/Unity.Collections.Tests.Playmode.dll not valid. Loading of assembly skipped.
Assembly Unity.InputSystem.IntegrationTests.dll at Library/ScriptAssemblies/Unity.InputSystem.IntegrationTests.dll not valid. Loading of assembly skipped.
Assembly Unity.Localization.DocCodeSamples.dll at Library/ScriptAssemblies/Unity.Localization.DocCodeSamples.dll not valid. Loading of assembly skipped.
Assembly Unity.Mathematics.Tests.dll at Library/ScriptAssemblies/Unity.Mathematics.Tests.dll not valid. Loading of assembly skipped.
Assembly Unity.Multiplayer.Center.Editor.Tests.dll at Library/ScriptAssemblies/Unity.Multiplayer.Center.Editor.Tests.dll not valid. Loading of assembly skipped.
Assembly Unity.Multiplayer.Center.Tests.dll at Library/ScriptAssemblies/Unity.Multiplayer.Center.Tests.dll not valid. Loading of assembly skipped.
Assembly Unity.Nuget.Mono-Cecil.dll at Library/ScriptAssemblies/Unity.Nuget.Mono-Cecil.dll not valid. Loading of assembly skipped.
Assembly Unity.PathTracing.Editor.Tests.dll at Library/ScriptAssemblies/Unity.PathTracing.Editor.Tests.dll not valid. Loading of assembly skipped.
Assembly Unity.PathTracing.Runtime.Tests.dll at Library/ScriptAssemblies/Unity.PathTracing.Runtime.Tests.dll not valid. Loading of assembly skipped.
Assembly Unity.RenderPipelines.Core.Editor.Tests.dll at Library/ScriptAssemblies/Unity.RenderPipelines.Core.Editor.Tests.dll not valid. Loading of assembly skipped.
Assembly Unity.RenderPipelines.Core.Runtime.Tests.dll at Library/ScriptAssemblies/Unity.RenderPipelines.Core.Runtime.Tests.dll not valid. Loading of assembly skipped.
Assembly Unity.RenderPipelines.Universal.Config.Editor.Tests.dll at Library/ScriptAssemblies/Unity.RenderPipelines.Universal.Config.Editor.Tests.dll not valid. Loading of assembly skipped.
Assembly Unity.RenderPipelines.Universal.Editor.Tests.dll at Library/ScriptAssemblies/Unity.RenderPipelines.Universal.Editor.Tests.dll not valid. Loading of assembly skipped.
Assembly Unity.RenderPipelines.Universal.Runtime.Tests.dll at Library/ScriptAssemblies/Unity.RenderPipelines.Universal.Runtime.Tests.dll not valid. Loading of assembly skipped.
Assembly Unity.ResourceManager.Tests.dll at Library/ScriptAssemblies/Unity.ResourceManager.Tests.dll not valid. Loading of assembly skipped.
Assembly Unity.ScriptableBuildPipeline.Editor.Tests.dll at Library/ScriptAssemblies/Unity.ScriptableBuildPipeline.Editor.Tests.dll not valid. Loading of assembly skipped.
Assembly Unity.ScriptableBuildPipeline.Tests.dll at Library/ScriptAssemblies/Unity.ScriptableBuildPipeline.Tests.dll not valid. Loading of assembly skipped.
Assembly Unity.ScriptableBuildPipelineTests.Runtime.Tests.dll at Library/ScriptAssemblies/Unity.ScriptableBuildPipelineTests.Runtime.Tests.dll not valid. Loading of assembly skipped.
Assembly Unity.Searcher.EditorTests.dll at Library/ScriptAssemblies/Unity.Searcher.EditorTests.dll not valid. Loading of assembly skipped.
Assembly Unity.Settings.Tests.dll at Library/ScriptAssemblies/Unity.Settings.Tests.dll not valid. Loading of assembly skipped.
Assembly Unity.ShaderGraph.Editor.Tests.dll at Library/ScriptAssemblies/Unity.ShaderGraph.Editor.Tests.dll not valid. Loading of assembly skipped.
Assembly Unity.TextMeshPro.Editor.Tests.dll at Library/ScriptAssemblies/Unity.TextMeshPro.Editor.Tests.dll not valid. Loading of assembly skipped.
Assembly Unity.TextMeshPro.Tests.dll at Library/ScriptAssemblies/Unity.TextMeshPro.Tests.dll not valid. Loading of assembly skipped.
Assembly Unity.UnifiedRayTracing.Editor.Tests.dll at Library/ScriptAssemblies/Unity.UnifiedRayTracing.Editor.Tests.dll not valid. Loading of assembly skipped.
Assembly UnityEditor.UI.Common.Tests.dll at Library/ScriptAssemblies/UnityEditor.UI.Common.Tests.dll not valid. Loading of assembly skipped.
Assembly UnityEditor.UI.EditorTests.dll at Library/ScriptAssemblies/UnityEditor.UI.EditorTests.dll not valid. Loading of assembly skipped.
Assembly UnityEngine.UI.Tests.dll at Library/ScriptAssemblies/UnityEngine.UI.Tests.dll not valid. Loading of assembly skipped.
Refreshing native plugins compatible for Editor in 4.14 ms, found 4 plugins.
Native extension for LinuxStandalone target not found
Native extension for iOS target not found
Native extension for Android target not found
Native extension for WindowsStandalone target not found
[Package Manager] Failed to launch server process. Reason: Unity was launched with the -noUpm command-line argument
[Package Manager] Unable to send message (not connected to server process).
[Package Manager] Cannot connect to Unity Package Manager local server
[Package Manager] Failed to launch server process. Reason: Unity was launched with the -noUpm command-line argument
[Package Manager] Unable to send message (not connected to server process).
[Package Manager] Cannot connect to Unity Package Manager local server
[MODES] ModeService[none].Initialize
[MODES] ModeService[none].LoadModes
[MODES] Loading mode Default (0) for mode-current-id-CHIBI TANK MAYHEM
ScheduleIndexationOnStartup MainProcess:False IndexOnStartup:True
Mono: successfully reloaded assembly
- Finished resetting the current domain, in  1.633 seconds
Domain Reload Profiling: 12055ms
	BeginReloadAssembly (199ms)
		DisableScriptedObjects (8ms)
		CreateAndSetChildDomain (33ms)
	RebuildCommonClasses (40ms)
	RebuildNativeTypeToScriptingClass (13ms)
	initialDomainReloadingComplete (6904ms)
	LoadAllAssembliesAndSetupDomain (3265ms)
		LoadAssemblies (2495ms)
		AnalyzeDomain (875ms)
			TypeCache.Refresh (781ms)
				TypeCache.ScanAssembly (756ms)
			BuildScriptInfoCaches (81ms)
			ResolveRequiredComponents (10ms)
	FinalizeReload (1634ms)
		SetupLoadedEditorAssemblies (0ms)
			InitializePlatformSupportModulesInManaged (24ms)
			BeforeProcessingInitializeOnLoad (165ms)
			ProcessInitializeOnLoadAttributes (564ms)
			ProcessInitializeOnLoadMethodAttributes (119ms)
			AfterProcessingInitializeOnLoad (11ms)
		AwakeInstancesAfterBackupRestoration (5ms)
Launched and connected shader compiler UnityShaderCompiler.exe after 0.05 seconds
Unloading 25 Unused Serialized files (Serialized files now loaded: 0)
Unloading 8103 unused Assets / (5.3 MB). Loaded Objects now: 8963.
Memory consumption went from 173.1 MB to 167.8 MB.
Total: 12.703700 ms (FindLiveObjects: 2.427600 ms CreateObjectMapping: 0.667400 ms MarkObjects: 6.760000 ms  DeleteObjects: 2.844700 ms)

========================================================================
Received Import Request.
  Time since last request: 1943832.902483 seconds.
  path: Assets/TextMesh Pro/Shaders/TMP_SDF.shader
  importAddress: Guid(68e6db2ebdc24f95958faec2be5558d6) Importer(2089858483,b0f066a214c2f5e87bad3c948f4d605d)
Start importing Assets/TextMesh Pro/Shaders/TMP_SDF.shader using Guid(68e6db2ebdc24f95958faec2be5558d6) Importer(2089858483,b0f066a214c2f5e87bad3c948f4d605d) (ScriptedImporter) -> (Import Result ID: '1b55ed272ea7a6f62ba81a6a9186cd11') in 0.1021061 seconds [static and dynamic dependencies]. Details - ImportResultOutputID=a9fab33556a41f653e7524eafff588c6 DependenciesID=d9db5375602675c926a97c787abe8792 StaticDependenciesID=02f2f145754d21c99257be40712f4a63 
Number of updated asset objects reloaded before import = 0Number of asset objects unloaded after import = 1

========================================================================
Received Import Request.
  Time since last request: 0.000023 seconds.
  path: Assets/Scenes/Login.unity
  importAddress: Guid(d47c7a6e1c244c547a950484a4cb070d) Importer(2089858483,b0f066a214c2f5e87bad3c948f4d605d)
Start importing Assets/Scenes/Login.unity using Guid(d47c7a6e1c244c547a950484a4cb070d) Importer(2089858483,b0f066a214c2f5e87bad3c948f4d605d) (ScriptedImporter) -> (Import Result ID: '98bb9d9940cd4be1c630c7578184cd7a') in 0.0210476 seconds [static and dynamic dependencies]. Details - ImportResultOutputID=f4bf885a07b9fc156948306ca439834e DependenciesID=96eac6577022473c393a3944ae3ed2f5 StaticDependenciesID=d0afd78b8990fe84f7911e3bb3a40f2a 
Number of updated asset objects reloaded before import = 0Number of asset objects unloaded after import = 1

========================================================================
Received Import Request.
  Time since last request: 0.000020 seconds.
  path: Assets/Scenes/Levels/Playroom.unity
  importAddress: Guid(8201c92506e48354982c0f56f43c24e6) Importer(2089858483,b0f066a214c2f5e87bad3c948f4d605d)
Start importing Assets/Scenes/Levels/Playroom.unity using Guid(8201c92506e48354982c0f56f43c24e6) Importer(2089858483,b0f066a214c2f5e87bad3c948f4d605d) (ScriptedImporter) -> (Import Result ID: '4cc03fb38dcfb63a2147fc3990c35979') in 0.020968 seconds [static and dynamic dependencies]. Details - ImportResultOutputID=c3f8bfd5765efa655fd8eeae34c75c5d DependenciesID=82fb7baffe858d44914b098f900cc35d StaticDependenciesID=d4a213c1fcce09c0b878af5022c9256c 
Number of updated asset objects reloaded before import = 0Number of asset objects unloaded after import = 1

========================================================================
Received Import Request.
  Time since last request: 0.000015 seconds.
  path: Assets/TextMesh Pro/Shaders/TMPro_Properties.cginc
  importAddress: Guid(3997e2241185407d80309a82f9148466) Importer(2089858483,b0f066a214c2f5e87bad3c948f4d605d)
Start importing Assets/TextMesh Pro/Shaders/TMPro_Properties.cginc using Guid(3997e2241185407d80309a82f9148466) Importer(2089858483,b0f066a214c2f5e87bad3c948f4d605d) (ScriptedImporter) -> (Import Result ID: 'c04459b9e04f2f4699c237d59d461e46') in 0.0191124 seconds [static and dynamic dependencies]. Details - ImportResultOutputID=192b5b689633e2014b8d2466ee54d60f DependenciesID=d8bf32c9fa39ab945d5c90b830d0ff41 StaticDependenciesID=ab070b6b75eb729a41727b84a827f49d 
Number of updated asset objects reloaded before import = 0Number of asset objects unloaded after import = 1

========================================================================
Received Import Request.
  Time since last request: 0.000016 seconds.
  path: Assets/Prefabs/NPC/ChibiSoldierCaptureTarget.prefab
  importAddress: Guid(6a3b919f2ddb0034b8c119625e3d4f3a) Importer(2089858483,b0f066a214c2f5e87bad3c948f4d605d)
Start importing Assets/Prefabs/NPC/ChibiSoldierCaptureTarget.prefab using Guid(6a3b919f2ddb0034b8c119625e3d4f3a) Importer(2089858483,b0f066a214c2f5e87bad3c948f4d605d) (ScriptedImporter) -> (Import Result ID: 'fd78c1462a214468e1a212a2efd70a52') in 0.0836717 seconds [static and dynamic dependencies]. Details - ImportResultOutputID=b14c57e4d98258f3db8854df8066ae6a DependenciesID=6f8fce02f86fb1e697546a9f4a198934 StaticDependenciesID=4b26fc3658c843d1eae2e44857293c33 
Number of updated asset objects reloaded before import = 0Number of asset objects unloaded after import = 26

========================================================================
Received Import Request.
  Time since last request: 0.000028 seconds.
  path: Assets/Prefabs/VFX/PS_BoomText.prefab
  importAddress: Guid(f3562626d926ea644902b8aa181f85c5) Importer(2089858483,b0f066a214c2f5e87bad3c948f4d605d)
Start importing Assets/Prefabs/VFX/PS_BoomText.prefab using Guid(f3562626d926ea644902b8aa181f85c5) Importer(2089858483,b0f066a214c2f5e87bad3c948f4d605d) (ScriptedImporter) -> (Import Result ID: 'dd24d5b098c2a0bd843a5802784c2e92') in 0.0260892 seconds [static and dynamic dependencies]. Details - ImportResultOutputID=9a8b0abe3f86b5123a6604f7f6afa14a DependenciesID=c828fd990b465ea525ae9f7659f8b725 StaticDependenciesID=13b70e651cbc4543d12608ca0ef671b1 
Number of updated asset objects reloaded before import = 0Number of asset objects unloaded after import = 13

========================================================================
Received Import Request.
  Time since last request: 0.000027 seconds.
  path: Assets/TextMesh Pro/Resources/LineBreaking Leading Characters.txt
  importAddress: Guid(d82c1b31c7e74239bff1220585707d2b) Importer(2089858483,b0f066a214c2f5e87bad3c948f4d605d)
Start importing Assets/TextMesh Pro/Resources/LineBreaking Leading Characters.txt using Guid(d82c1b31c7e74239bff1220585707d2b) Importer(2089858483,b0f066a214c2f5e87bad3c948f4d605d) (ScriptedImporter) -> (Import Result ID: 'b758f30e250456ad0e60681d2ee52184') in 0.0197764 seconds [static and dynamic dependencies]. Details - ImportResultOutputID=9cf6eaaf04f53605ab8c5583a73a45c7 DependenciesID=b4b57beeb4264a473032fc54487d3946 StaticDependenciesID=dda605278c247b9c3f7e62e1f27042f7 
Number of updated asset objects reloaded before import = 0Number of asset objects unloaded after import = 1

========================================================================
Received Import Request.
  Time since last request: 0.000014 seconds.
  path: Assets/Scripts/interfaces/Services/IPlayer.cs
  importAddress: Guid(e3e458d03bb8e8c4fb6246e953bf76ec) Importer(2089858483,b0f066a214c2f5e87bad3c948f4d605d)
Start importing Assets/Scripts/interfaces/Services/IPlayer.cs using Guid(e3e458d03bb8e8c4fb6246e953bf76ec) Importer(2089858483,b0f066a214c2f5e87bad3c948f4d605d) (ScriptedImporter) -> (Import Result ID: '8599cd2abf8e1b855be4e429aac77db7') in 0.0108168 seconds [static and dynamic dependencies]. Details - ImportResultOutputID=f74745f35b6f4bbe6add8f9ca5d84ed5 DependenciesID=bfab597786b571386faa7642b0ea2c5e StaticDependenciesID=bf7522598225a7c4e6dfae654f47a25c 
Number of updated asset objects reloaded before import = 0Number of asset objects unloaded after import = 0

========================================================================
Received Import Request.
  Time since last request: 0.000017 seconds.
  path: Assets/Scripts/NPC/ChibiSoldier/ChibiSoldier.cs
  importAddress: Guid(34e68cb8af339034c99f1b3bd2eb458e) Importer(2089858483,b0f066a214c2f5e87bad3c948f4d605d)
Start importing Assets/Scripts/NPC/ChibiSoldier/ChibiSoldier.cs using Guid(34e68cb8af339034c99f1b3bd2eb458e) Importer(2089858483,b0f066a214c2f5e87bad3c948f4d605d) (ScriptedImporter) -> (Import Result ID: '42d280f99a01156973b1a3f61d2a029b') in 0.0119307 seconds [static and dynamic dependencies]. Details - ImportResultOutputID=7cb89f1f158f4bfa713b59e183d59906 DependenciesID=1bb435c5d44f3763336c6655a06ce09c StaticDependenciesID=c0bd7b8936f37b5c70bb6da84bcb8906 
Number of updated asset objects reloaded before import = 0Number of asset objects unloaded after import = 0

========================================================================
Received Import Request.
  Time since last request: 0.000023 seconds.
  path: Assets/Scripts/Player/Model/PlayerTurretAim.cs
  importAddress: Guid(6198a0fda517766489da5cb2f7dca6c5) Importer(2089858483,b0f066a214c2f5e87bad3c948f4d605d)
Start importing Assets/Scripts/Player/Model/PlayerTurretAim.cs using Guid(6198a0fda517766489da5cb2f7dca6c5) Importer(2089858483,b0f066a214c2f5e87bad3c948f4d605d) (ScriptedImporter) -> (Import Result ID: 'b36d5a50a0ec4e037baab5f8630be9e8') in 0.0127742 seconds [static and dynamic dependencies]. Details - ImportResultOutputID=ca50b0be4bebcb6e543c9349bd3ee1d2 DependenciesID=7e3445849aa31848d0813c67d9cdc8a8 StaticDependenciesID=999abb667c35a812ce6a8c734dfc101e 
Number of updated asset objects reloaded before import = 0Number of asset objects unloaded after import = 0

========================================================================
Received Import Request.
  Time since last request: 0.000018 seconds.
  path: Assets/Prefabs/NPC/CommonChibiSoldier.prefab
  importAddress: Guid(508097d9f760037438401c162a2d6ef6) Importer(2089858483,b0f066a214c2f5e87bad3c948f4d605d)
Start importing Assets/Prefabs/NPC/CommonChibiSoldier.prefab using Guid(508097d9f760037438401c162a2d6ef6) Importer(2089858483,b0f066a214c2f5e87bad3c948f4d605d) (ScriptedImporter) -> (Import Result ID: 'f7f7a8e61fd358fdceb41b15729182fb') in 0.0387532 seconds [static and dynamic dependencies]. Details - ImportResultOutputID=3f2f7ca4a995a085d639399255c55cd2 DependenciesID=3a9aaa0ed4cfcb3eff18b1d8ab5e55b3 StaticDependenciesID=34f0031f6baf2edc973deb62f2840870 
Number of updated asset objects reloaded before import = 0Number of asset objects unloaded after import = 18

========================================================================
Received Import Request.
  Time since last request: 0.000027 seconds.
  path: Assets/Scripts/Pooling/TurretBulletFactory.cs
  importAddress: Guid(c978389a1af04a64a884b0546b2b51dc) Importer(2089858483,b0f066a214c2f5e87bad3c948f4d605d)
Start importing Assets/Scripts/Pooling/TurretBulletFactory.cs using Guid(c978389a1af04a64a884b0546b2b51dc) Importer(2089858483,b0f066a214c2f5e87bad3c948f4d605d) (ScriptedImporter) -> (Import Result ID: '2c1bb7f97def5f6081a0427b80f6b1eb') in 0.0131328 seconds [static and dynamic dependencies]. Details - ImportResultOutputID=fbfd3a4cc2c14050af84752c86e95bfe DependenciesID=8203d55111acfd5bfceece2d1ba24908 StaticDependenciesID=15b492b5ab7299738f4fa27c9af635a3 
Number of updated asset objects reloaded before import = 0Number of asset objects unloaded after import = 0

========================================================================
Received Import Request.
  Time since last request: 0.000018 seconds.
  path: Assets/Settings/Mobile_RPAsset.asset
  importAddress: Guid(5e6cbd92db86f4b18aec3ed561671858) Importer(2089858483,b0f066a214c2f5e87bad3c948f4d605d)
Start importing Assets/Settings/Mobile_RPAsset.asset using Guid(5e6cbd92db86f4b18aec3ed561671858) Importer(2089858483,b0f066a214c2f5e87bad3c948f4d605d) (ScriptedImporter) -> (Import Result ID: 'eac11766893b153ea05d6434a6af949d') in 0.0663696 seconds [static and dynamic dependencies]. Details - ImportResultOutputID=8eaf367a25c2c128c3178637486b4c81 DependenciesID=4ca4b58f5e2c6bb8a966c1d5f58579b6 StaticDependenciesID=87e8a5f32d7077d4eea943c60f069e20 
Number of updated asset objects reloaded before import = 0Number of asset objects unloaded after import = 2

========================================================================
Received Import Request.
  Time since last request: 0.000015 seconds.
  path: Assets/Art/QuaterniusTanks/Tank3.fbx
  importAddress: Guid(b5c18b7adce70dd4fb2676860bcb299e) Importer(2089858483,b0f066a214c2f5e87bad3c948f4d605d)
Start importing Assets/Art/QuaterniusTanks/Tank3.fbx using Guid(b5c18b7adce70dd4fb2676860bcb299e) Importer(2089858483,b0f066a214c2f5e87bad3c948f4d605d) (ScriptedImporter) -> (Import Result ID: 'f46fe94c941cfb78aab40789c68aff70') in 0.0725028 seconds [static and dynamic dependencies]. Details - ImportResultOutputID=ccf0431b99b9133e727fe8f4a45bb3c8 DependenciesID=29ab30259c784b16e625632db8fda577 StaticDependenciesID=17305803270484eda9ea228e8ac20dd4 
Number of updated asset objects reloaded before import = 0Number of asset objects unloaded after import = 215

========================================================================
Received Import Request.
  Time since last request: 0.000020 seconds.
  path: Assets/Scripts/NPC/ChibiSoldier/Behaviours/RunningBehaviour.cs
  importAddress: Guid(7b5cd064846fb5c44ace5cecf5d09fb1) Importer(2089858483,b0f066a214c2f5e87bad3c948f4d605d)
Start importing Assets/Scripts/NPC/ChibiSoldier/Behaviours/RunningBehaviour.cs using Guid(7b5cd064846fb5c44ace5cecf5d09fb1) Importer(2089858483,b0f066a214c2f5e87bad3c948f4d605d) (ScriptedImporter) -> (Import Result ID: 'c2c75baee62fe0e6fc9cf36a08ff815a') in 0.0123494 seconds [static and dynamic dependencies]. Details - ImportResultOutputID=dc61a1c3992bcb62830971586fcca335 DependenciesID=af2f714b63b3a8b1ad6662f05cd4166b StaticDependenciesID=3e40f195510f81bd0d234dcda22236f1 
Number of updated asset objects reloaded before import = 0Number of asset objects unloaded after import = 0

========================================================================
Received Import Request.
  Time since last request: 0.000028 seconds.
  path: Assets/Font-Family/Cartoonish-Italic SDF.asset
  importAddress: Guid(eb388f256a5f1484c842f5f96a825a2a) Importer(2089858483,b0f066a214c2f5e87bad3c948f4d605d)
Start importing Assets/Font-Family/Cartoonish-Italic SDF.asset using Guid(eb388f256a5f1484c842f5f96a825a2a) Importer(2089858483,b0f066a214c2f5e87bad3c948f4d605d) (ScriptedImporter) -> (Import Result ID: 'c6ad0726c22c75e4d38752579915200a') in 0.047334 seconds [static and dynamic dependencies]. Details - ImportResultOutputID=a814e9af5a3e0704fed25fb8f89aa7ad DependenciesID=866c1cbc3fb32ed18ef8fca73edf60ab StaticDependenciesID=cbcba20ad5f4694c93c5cb8373a8aea1 
Number of updated asset objects reloaded before import = 0Number of asset objects unloaded after import = 3

========================================================================
Received Import Request.
  Time since last request: 0.000022 seconds.
  path: Assets/TextMesh Pro/Resources/Fonts & Materials/LiberationSans SDF.asset
  importAddress: Guid(8f586378b4e144a9851e7b34d9b748ee) Importer(2089858483,b0f066a214c2f5e87bad3c948f4d605d)
Start importing Assets/TextMesh Pro/Resources/Fonts & Materials/LiberationSans SDF.asset using Guid(8f586378b4e144a9851e7b34d9b748ee) Importer(2089858483,b0f066a214c2f5e87bad3c948f4d605d) (ScriptedImporter) -> (Import Result ID: 'c1e69b32885d0a83cfdeed39694292fd') in 0.0347028 seconds [static and dynamic dependencies]. Details - ImportResultOutputID=884b560ff0a2f2cbe5ca335b36c51556 DependenciesID=88ab90c127d66d0d7ee6c1f19c6a2fba StaticDependenciesID=f24aa01374016caa59713b859ae89089 
Number of updated asset objects reloaded before import = 0Number of asset objects unloaded after import = 8

========================================================================
Received Import Request.
  Time since last request: 0.000020 seconds.
  path: Assets/Scripts/Player/Model/PlayerTurretShoot.cs
  importAddress: Guid(6135b3a63d4a9d64eaafb197b00963db) Importer(2089858483,b0f066a214c2f5e87bad3c948f4d605d)
Start importing Assets/Scripts/Player/Model/PlayerTurretShoot.cs using Guid(6135b3a63d4a9d64eaafb197b00963db) Importer(2089858483,b0f066a214c2f5e87bad3c948f4d605d) (ScriptedImporter) -> (Import Result ID: '8dfbac1696d31b6b310b0cd06928a159') in 0.0117126 seconds [static and dynamic dependencies]. Details - ImportResultOutputID=ecdc8cfb1c863564064393819bac2bc3 DependenciesID=b02266cb3628ddd13ca15c80a5189ac8 StaticDependenciesID=f10e8a78f5da3af38ab85d34a37c2569 
Number of updated asset objects reloaded before import = 0Number of asset objects unloaded after import = 0

========================================================================
Received Import Request.
  Time since last request: 0.000036 seconds.
  path: Assets/FlyWeight/PlayerSettingsSO.asset
  importAddress: Guid(e065b414144dedb40ae9d84dfddde597) Importer(2089858483,b0f066a214c2f5e87bad3c948f4d605d)
Start importing Assets/FlyWeight/PlayerSettingsSO.asset using Guid(e065b414144dedb40ae9d84dfddde597) Importer(2089858483,b0f066a214c2f5e87bad3c948f4d605d) (ScriptedImporter) -> (Import Result ID: '257fe59adbe91623f4a594dfa40b66a2') in 0.0167276 seconds [static and dynamic dependencies]. Details - ImportResultOutputID=b5dce3d3e4aa55817651a55263d94df0 DependenciesID=750fbdcbe94d7b3409a9b30b342e29d0 StaticDependenciesID=f4472e4efd5102321378751f8592f3e5 
Number of updated asset objects reloaded before import = 0Number of asset objects unloaded after import = 1

========================================================================
Received Import Request.
  Time since last request: 0.000027 seconds.
  path: Assets/TextMesh Pro/Shaders/TMP_SDF-Mobile-2-Pass.shader
  importAddress: Guid(0178fcb869bafef4690d177d31d17db8) Importer(2089858483,b0f066a214c2f5e87bad3c948f4d605d)
Start importing Assets/TextMesh Pro/Shaders/TMP_SDF-Mobile-2-Pass.shader using Guid(0178fcb869bafef4690d177d31d17db8) Importer(2089858483,b0f066a214c2f5e87bad3c948f4d605d) (ScriptedImporter) -> (Import Result ID: 'ee23fe82d86d9e8534b74271544ef4a6') in 0.0118372 seconds [static and dynamic dependencies]. Details - ImportResultOutputID=0f0285efa481d1dbbe08bd75fd867495 DependenciesID=d28afc64ffb5f426007afbfd9eaaa867 StaticDependenciesID=2936f04a1dd55b511cbbf5990c3e04da 
Number of updated asset objects reloaded before import = 0Number of asset objects unloaded after import = 1

========================================================================
Received Import Request.
  Time since last request: 0.000015 seconds.
  path: Assets/Art/UI/Prototyping/shootgun.png
  importAddress: Guid(bb7053d192073df4d913287159c0a5dc) Importer(2089858483,b0f066a214c2f5e87bad3c948f4d605d)
Start importing Assets/Art/UI/Prototyping/shootgun.png using Guid(bb7053d192073df4d913287159c0a5dc) Importer(2089858483,b0f066a214c2f5e87bad3c948f4d605d) (ScriptedImporter) -> (Import Result ID: '282303ed141bdb894079ab3cbb5805e3') in 0.0401475 seconds [static and dynamic dependencies]. Details - ImportResultOutputID=5b10ce38752addd49417b57ea9593686 DependenciesID=7dfcc4a0f3aaea79298fcd37ebcfa12b StaticDependenciesID=a73a8e4980779f104cb9f52d8e27fd94 
Number of updated asset objects reloaded before import = 0Number of asset objects unloaded after import = 3

========================================================================
Received Import Request.
  Time since last request: 0.000017 seconds.
  path: Assets/PlayerInputActionsAsset.inputactions
  importAddress: Guid(5fdccfd62461f5749854b3d92d450fb5) Importer(2089858483,b0f066a214c2f5e87bad3c948f4d605d)
Start importing Assets/PlayerInputActionsAsset.inputactions using Guid(5fdccfd62461f5749854b3d92d450fb5) Importer(2089858483,b0f066a214c2f5e87bad3c948f4d605d) (ScriptedImporter) -> (Import Result ID: '13b28f0b36e3912e07d4d181a2f95b65') in 0.1909585 seconds [static and dynamic dependencies]. Details - ImportResultOutputID=9eb2d6e73c188668157c1a43df5b85ef DependenciesID=533c86c3c8b466026323450184f86e18 StaticDependenciesID=d3dc091b1a19e28d66472dbc9059fb53 
Number of updated asset objects reloaded before import = 0Number of asset objects unloaded after import = 18

========================================================================
Received Import Request.
  Time since last request: 0.000024 seconds.
  path: Assets/Art/UI/Prototyping/shoottank.png
  importAddress: Guid(2a3430cb517f4e34b9dd84d58eae39af) Importer(2089858483,b0f066a214c2f5e87bad3c948f4d605d)
Start importing Assets/Art/UI/Prototyping/shoottank.png using Guid(2a3430cb517f4e34b9dd84d58eae39af) Importer(2089858483,b0f066a214c2f5e87bad3c948f4d605d) (ScriptedImporter) -> (Import Result ID: '4f8be5842ec1c111c86ca923e8a496d7') in 0.01465 seconds [static and dynamic dependencies]. Details - ImportResultOutputID=afdee52f7658fcd832b713940b356b9a DependenciesID=5eb905e68cfd053dd8a4d9e8d7a84d87 StaticDependenciesID=e8843ad85992e01c9f7e041aaa9ad409 
Number of updated asset objects reloaded before import = 0Number of asset objects unloaded after import = 3

========================================================================
Received Import Request.
  Time since last request: 0.000035 seconds.
  path: Assets/Art/UI/Prototyping/thomas-chen-img-20181219-123640-350.jpg
  importAddress: Guid(eb88838f85174a54e931584082daa022) Importer(2089858483,b0f066a214c2f5e87bad3c948f4d605d)
Start importing Assets/Art/UI/Prototyping/thomas-chen-img-20181219-123640-350.jpg using Guid(eb88838f85174a54e931584082daa022) Importer(2089858483,b0f066a214c2f5e87bad3c948f4d605d) (ScriptedImporter) -> (Import Result ID: 'e1c573585c31af628b395dab8228bd70') in 0.0160874 seconds [static and dynamic dependencies]. Details - ImportResultOutputID=db493e785816f7535620a875e52a81cc DependenciesID=3909fe87063d7cf414bc76c9ff065237 StaticDependenciesID=479719bd3f865c9b7e15ab032483136c 
Number of updated asset objects reloaded before import = 0Number of asset objects unloaded after import = 1

========================================================================
Received Import Request.
  Time since last request: 0.000018 seconds.
  path: Assets/Settings/UniversalRenderPipelineGlobalSettings.asset
  importAddress: Guid(18dc0cd2c080841dea60987a38ce93fa) Importer(2089858483,b0f066a214c2f5e87bad3c948f4d605d)
Start importing Assets/Settings/UniversalRenderPipelineGlobalSettings.asset using Guid(18dc0cd2c080841dea60987a38ce93fa) Importer(2089858483,b0f066a214c2f5e87bad3c948f4d605d) (ScriptedImporter) -> (Import Result ID: '292ba31695deff7fc7d92e5a79f56ef9') in 0.0765753 seconds [static and dynamic dependencies]. Details - ImportResultOutputID=f8fb305adb02aa71982ecfec9259065e DependenciesID=cf3a68c8657c353fc8035ad8279a52e1 StaticDependenciesID=d9bc82f0e1d1c26bdb0aab6f71e62ace 
Number of updated asset objects reloaded before import = 0Number of asset objects unloaded after import = 0

========================================================================
Received Import Request.
  Time since last request: 0.000018 seconds.
  path: Assets/Scripts/UI/HUD/PlayerHealthBar.cs
  importAddress: Guid(85b9bdd847c48c749811e7ff6753280f) Importer(2089858483,b0f066a214c2f5e87bad3c948f4d605d)
Start importing Assets/Scripts/UI/HUD/PlayerHealthBar.cs using Guid(85b9bdd847c48c749811e7ff6753280f) Importer(2089858483,b0f066a214c2f5e87bad3c948f4d605d) (ScriptedImporter) -> (Import Result ID: 'c677b876c50b47a34cb09d1ea69a27f2') in 0.0110099 seconds [static and dynamic dependencies]. Details - ImportResultOutputID=0fa08a1b5c1fb717f20a8ff20de3f776 DependenciesID=e3dac3840df48af6812a1c90ec9d6e0a StaticDependenciesID=a7ec9ae58102ce8b13a733b876e8ea4a 
Number of updated asset objects reloaded before import = 0Number of asset objects unloaded after import = 0

========================================================================
Received Import Request.
  Time since last request: 0.000019 seconds.
  path: Assets/Scripts/interfaces/IBehaviours.cs
  importAddress: Guid(b51a078f1c3b8c1439ec8392ccb3cdd4) Importer(2089858483,b0f066a214c2f5e87bad3c948f4d605d)
Start importing Assets/Scripts/interfaces/IBehaviours.cs using Guid(b51a078f1c3b8c1439ec8392ccb3cdd4) Importer(2089858483,b0f066a214c2f5e87bad3c948f4d605d) (ScriptedImporter) -> (Import Result ID: '4253b945e3a3e2b29f30749ad699ae96') in 0.0108113 seconds [static and dynamic dependencies]. Details - ImportResultOutputID=f2c7fd42ae348c02a5a7e4f88e160b64 DependenciesID=f4ec8cacb6baf005e4a34a3d0ab941c9 StaticDependenciesID=4c04e9c005fc01aae4ae20e0b6c2255c 
Number of updated asset objects reloaded before import = 0Number of asset objects unloaded after import = 0

========================================================================
Received Import Request.
  Time since last request: 0.000030 seconds.
  path: Assets/TextMesh Pro/Resources/LineBreaking Following Characters.txt
  importAddress: Guid(fade42e8bc714b018fac513c043d323b) Importer(2089858483,b0f066a214c2f5e87bad3c948f4d605d)
Start importing Assets/TextMesh Pro/Resources/LineBreaking Following Characters.txt using Guid(fade42e8bc714b018fac513c043d323b) Importer(2089858483,b0f066a214c2f5e87bad3c948f4d605d) (ScriptedImporter) -> (Import Result ID: 'a0270196f5daf84fefdc88713f8792d1') in 0.012639 seconds [static and dynamic dependencies]. Details - ImportResultOutputID=d771d150a114bc94d55588822c9f910b DependenciesID=9d3b4599c2ade7f202ce423a41765201 StaticDependenciesID=90e18e177f71b5b2ecebe031e5e8ac67 
Number of updated asset objects reloaded before import = 0Number of asset objects unloaded after import = 1

========================================================================
Received Import Request.
  Time since last request: 0.000015 seconds.
  path: Assets/Scenes/README.md
  importAddress: Guid(af81f4038b5df084cb7a0d9988e6f5b8) Importer(2089858483,b0f066a214c2f5e87bad3c948f4d605d)
Start importing Assets/Scenes/README.md using Guid(af81f4038b5df084cb7a0d9988e6f5b8) Importer(2089858483,b0f066a214c2f5e87bad3c948f4d605d) (ScriptedImporter) -> (Import Result ID: 'a1e91a46543b2657ff8f857f20a47477') in 0.0188487 seconds [static and dynamic dependencies]. Details - ImportResultOutputID=09e700acd64f2ae29ac7bcc64fcd36d5 DependenciesID=2da253fdcd6127acf28f482c92a0ae2c StaticDependenciesID=e338bd27bb5e8c079d59db4752768e99 
Number of updated asset objects reloaded before import = 0Number of asset objects unloaded after import = 1

========================================================================
Received Import Request.
  Time since last request: 0.000014 seconds.
  path: Assets/Art/VFXs/Textures/BoomSmokeMaterial.mat
  importAddress: Guid(1f390c544130a1f4b94ac13b565cf4d9) Importer(2089858483,b0f066a214c2f5e87bad3c948f4d605d)
Start importing Assets/Art/VFXs/Textures/BoomSmokeMaterial.mat using Guid(1f390c544130a1f4b94ac13b565cf4d9) Importer(2089858483,b0f066a214c2f5e87bad3c948f4d605d) (ScriptedImporter) -> (Import Result ID: '28860a3d023fa17df45888be8a403e4f') in 0.0565854 seconds [static and dynamic dependencies]. Details - ImportResultOutputID=5e2bb0bb5a60697432722473af901228 DependenciesID=da22a80b106e815b2b09e5eea3aa6d44 StaticDependenciesID=1260269feee5b3866f2f6e52ec77f65f 
Number of updated asset objects reloaded before import = 0Number of asset objects unloaded after import = 2

Editor requested this worker to shutdown with reason: Scaling down because of idle timeout
AssetImportWorker is now disconnected from the server
Process exiting
Exiting without the bug reporter. Application will terminate with return code 0